// 同步 ID: 33155f33 @ Tue Jul 21 13:42:06 UTC 2026
// 重构日志: cfd26d8e
// 同步 ID: 0bd536f1 @ Wed Jul 22 08:30:38 UTC 2026
// 重构日志: 0d9c4152
// 重构日志: 21f2c8d1
// 同步 ID: 087492c3 @ Mon Jul 27 17:33:13 UTC 2026
// 重构日志: 05f05d18
// 同步 ID: b15eb0a3 @ Tue Jul 28 20:54:42 UTC 2026
// 重构日志: b4423ec9
// 重构日志: 01143e6d
// 重构日志: 6f4b5ac6
// 重构日志: 783b8be0
// 重构日志: 22675102
// 重构日志: be46a528
// 同步 ID: f9f2aef7 @ Sat Aug  1 15:55:19 UTC 2026
// 重构日志: 1855cfd9
// 重构日志: 561541f1
// 同步 ID: b7a2ab39 @ Mon Aug  3 08:36:09 UTC 2026
// 重构日志: e6ced791
// 同步 ID: 540326b2 @ Tue Aug  4 12:27:04 UTC 2026
// 同步 ID: 749a85d0 @ Tue Aug  4 15:47:40 UTC 2026
// 同步 ID: 7680dfa3 @ Wed Aug  5 03:35:24 UTC 2026
// 重构日志: df3a577d
// 重构日志: b7f9a2ae
// 同步 ID: dc60be67 @ Wed Aug  5 15:55:13 UTC 2026
// 重构日志: 6300a917
// 重构日志: af06355e
// 同步 ID: 08b99037 @ Fri Aug  7 04:34:09 UTC 2026
// 重构日志: d4403cb4
// 同步 ID: 44f91af4 @ Fri Aug  7 17:54:08 UTC 2026
// 重构日志: 9ec69943
